<html>
<body>
<pre>
<h1>礦ision Build Log</h1>
<h2>Project:</h2>
C:\Users\user\Desktop\STM32-A基础案例\2.2_按键输入_外部中断-4\user\Int_Key.uvproj
Project File Date:  04/06/2021

<h2>Output:</h2>
Build target 'Int_Key'
compiling exti.c...
..\hardware\exti\exti.c(55): warning:  #111-D: statement is unreachable
..\hardware\exti\exti.c:        EXTI->PR=1<<0;  //清除LINE0上的中断标志位  
..\hardware\exti\exti.c:        ^
..\hardware\exti\exti.c(102): warning:  #111-D: statement is unreachable
..\hardware\exti\exti.c:        EXTI->PR=1<<0;  //清除LINE0上的中断标志位  
..\hardware\exti\exti.c:        ^
..\hardware\exti\exti.c: ..\hardware\exti\exti.c: 2 warnings, 0 errors
compiling key.c...
compiling led.c...
compiling delay.c...
compiling sys.c...
compiling Int_Key.c...
assembling stm32f10x.s...
linking...
Program Size: Code=2304 RO-data=268 RW-data=36 ZI-data=612  
FromELF: creating hex file...
"..\OUT\Int_Key.axf" - 0 Error(s), 2 Warning(s).
