<html>
<body>
<pre>
<h1>礦ision Build Log</h1>
<h2>Project:</h2>
C:\Users\user\Desktop\file_from_git\STM32_base\2.2_按键输入_外部中断-4\user\Int_Key.uvproj
Project File Date:  04/08/2021

<h2>Output:</h2>
Build target 'Int_Key'
compiling exti.c...
..\hardware\exti\exti.c(23): warning:  #177-D: variable "k" was declared but never referenced
..\hardware\exti\exti.c:                        int i,k;
..\hardware\exti\exti.c:                              ^
..\hardware\exti\exti.c: ..\hardware\exti\exti.c: 1 warning, 0 errors
compiling key.c...
compiling led.c...
compiling delay.c...
compiling sys.c...
compiling Int_Key.c...
assembling stm32f10x.s...
linking...
Program Size: Code=2028 RO-data=268 RW-data=68 ZI-data=612  
FromELF: creating hex file...
"..\OUT\Int_Key.axf" - 0 Error(s), 1 Warning(s).
