<html>
<body>
<pre>
<h1>µVision Build Log</h1>
<h2>Project:</h2>
C:\Users\user\Desktop\file_from_git\STM32_base\5.2_ADC_Œ¬∂»”Îπ‚’’-6\USER\Temperature_Light.uvproj
Project File Date:  04/08/2021

<h2>Output:</h2>
Build target 'Temperature_Light'
compiling main.c...
assembling STM32F10x.s...
compiling adc.c...
compiling key.c...
compiling led.c...
compiling delay.c...
compiling sys.c...
compiling usart.c...
linking...
Program Size: Code=9044 RO-data=332 RW-data=24 ZI-data=608  
FromELF: creating hex file...
"..\Out\Temperature_Light.axf" - 0 Error(s), 0 Warning(s).
