<html>
<body>
<pre>
<h1>礦ision Build Log</h1>
<h2>Project:</h2>
C:\Users\user\Desktop\STM32-A基础案例\1.4_8段数码管显示-2\Project\8_SegLED.uvproj
Project File Date:  04/01/2021

<h2>Output:</h2>
Build target '8SegLED'
compiling sys.c...
compiling delay.c...
compiling led.c...
compiling main.c...
assembling STM32F10x.s...
linking...
Program Size: Code=1836 RO-data=268 RW-data=36 ZI-data=612  
FromELF: creating hex file...
"..\Out\8_SegLED.axf" - 0 Error(s), 0 Warning(s).
Build target '8SegLED'
compiling main.c...
linking...
Program Size: Code=2156 RO-data=268 RW-data=36 ZI-data=612  
FromELF: creating hex file...
"..\Out\8_SegLED.axf" - 0 Error(s), 0 Warning(s).
Build target '8SegLED'
compiling main.c...
linking...
Program Size: Code=2016 RO-data=268 RW-data=36 ZI-data=612  
FromELF: creating hex file...
"..\Out\8_SegLED.axf" - 0 Error(s), 0 Warning(s).
Build target '8SegLED'
compiling main.c...
linking...
Program Size: Code=1836 RO-data=268 RW-data=36 ZI-data=612  
FromELF: creating hex file...
"..\Out\8_SegLED.axf" - 0 Error(s), 0 Warning(s).
Build target '8SegLED'
compiling main.c...
linking...
Program Size: Code=1836 RO-data=268 RW-data=36 ZI-data=612  
FromELF: creating hex file...
"..\Out\8_SegLED.axf" - 0 Error(s), 0 Warning(s).
Build target '8SegLED'
compiling main.c...
linking...
Program Size: Code=1900 RO-data=268 RW-data=40 ZI-data=608  
FromELF: creating hex file...
"..\Out\8_SegLED.axf" - 0 Error(s), 0 Warning(s).
Build target '8SegLED'
compiling main.c...
linking...
Program Size: Code=1900 RO-data=268 RW-data=40 ZI-data=608  
FromELF: creating hex file...
"..\Out\8_SegLED.axf" - 0 Error(s), 0 Warning(s).
Build target '8SegLED'
compiling main.c...
linking...
Program Size: Code=1900 RO-data=268 RW-data=40 ZI-data=608  
FromELF: creating hex file...
"..\Out\8_SegLED.axf" - 0 Error(s), 0 Warning(s).
Build target '8SegLED'
compiling main.c...
linking...
Program Size: Code=1900 RO-data=268 RW-data=40 ZI-data=608  
FromELF: creating hex file...
"..\Out\8_SegLED.axf" - 0 Error(s), 0 Warning(s).
Build target '8SegLED'
compiling main.c...
linking...
Program Size: Code=1900 RO-data=268 RW-data=40 ZI-data=608  
FromELF: creating hex file...
"..\Out\8_SegLED.axf" - 0 Error(s), 0 Warning(s).
Build target '8SegLED'
compiling main.c...
linking...
Program Size: Code=1904 RO-data=268 RW-data=40 ZI-data=608  
FromELF: creating hex file...
"..\Out\8_SegLED.axf" - 0 Error(s), 0 Warning(s).
Build target '8SegLED'
compiling main.c...
linking...
Program Size: Code=1896 RO-data=268 RW-data=40 ZI-data=608  
FromELF: creating hex file...
"..\Out\8_SegLED.axf" - 0 Error(s), 0 Warning(s).
Build target '8SegLED'
compiling main.c...
linking...
Program Size: Code=1904 RO-data=268 RW-data=40 ZI-data=608  
FromELF: creating hex file...
"..\Out\8_SegLED.axf" - 0 Error(s), 0 Warning(s).
Build target '8SegLED'
compiling main.c...
linking...
Program Size: Code=1884 RO-data=268 RW-data=40 ZI-data=608  
FromELF: creating hex file...
"..\Out\8_SegLED.axf" - 0 Error(s), 0 Warning(s).
Build target '8SegLED'
compiling main.c...
linking...
Program Size: Code=1884 RO-data=268 RW-data=40 ZI-data=608  
FromELF: creating hex file...
"..\Out\8_SegLED.axf" - 0 Error(s), 0 Warning(s).
Build target '8SegLED'
compiling main.c...
linking...
Program Size: Code=1896 RO-data=268 RW-data=40 ZI-data=608  
FromELF: creating hex file...
"..\Out\8_SegLED.axf" - 0 Error(s), 0 Warning(s).
Build target '8SegLED'
compiling main.c...
linking...
Program Size: Code=1896 RO-data=268 RW-data=40 ZI-data=608  
FromELF: creating hex file...
"..\Out\8_SegLED.axf" - 0 Error(s), 0 Warning(s).
Build target '8SegLED'
compiling main.c...
linking...
Program Size: Code=1940 RO-data=268 RW-data=40 ZI-data=608  
FromELF: creating hex file...
"..\Out\8_SegLED.axf" - 0 Error(s), 0 Warning(s).
Build target '8SegLED'
compiling main.c...
linking...
Program Size: Code=1804 RO-data=268 RW-data=40 ZI-data=608  
FromELF: creating hex file...
"..\Out\8_SegLED.axf" - 0 Error(s), 0 Warning(s).
Build target '8SegLED'
linking...
Program Size: Code=1804 RO-data=268 RW-data=40 ZI-data=608  
FromELF: creating hex file...
"..\Out\8_SegLED.axf" - 0 Error(s), 0 Warning(s).
Build target '8SegLED'
compiling main.c...
linking...
Program Size: Code=1804 RO-data=268 RW-data=40 ZI-data=608  
FromELF: creating hex file...
"..\Out\8_SegLED.axf" - 0 Error(s), 0 Warning(s).
Build target '8SegLED'
compiling main.c...
linking...
Program Size: Code=1808 RO-data=268 RW-data=40 ZI-data=608  
FromELF: creating hex file...
"..\Out\8_SegLED.axf" - 0 Error(s), 0 Warning(s).
Build target '8SegLED'
compiling main.c...
linking...
Program Size: Code=1796 RO-data=268 RW-data=40 ZI-data=608  
FromELF: creating hex file...
"..\Out\8_SegLED.axf" - 0 Error(s), 0 Warning(s).
Build target '8SegLED'
compiling main.c...
linking...
Program Size: Code=1800 RO-data=268 RW-data=40 ZI-data=608  
FromELF: creating hex file...
"..\Out\8_SegLED.axf" - 0 Error(s), 0 Warning(s).
Build target '8SegLED'
compiling main.c...
linking...
Program Size: Code=1800 RO-data=268 RW-data=40 ZI-data=608  
FromELF: creating hex file...
"..\Out\8_SegLED.axf" - 0 Error(s), 0 Warning(s).
Build target '8SegLED'
compiling main.c...
linking...
Program Size: Code=1812 RO-data=268 RW-data=40 ZI-data=608  
FromELF: creating hex file...
"..\Out\8_SegLED.axf" - 0 Error(s), 0 Warning(s).
Build target '8SegLED'
compiling main.c...
linking...
Program Size: Code=1816 RO-data=268 RW-data=40 ZI-data=608  
FromELF: creating hex file...
"..\Out\8_SegLED.axf" - 0 Error(s), 0 Warning(s).
Build target '8SegLED'
compiling main.c...
linking...
Program Size: Code=1820 RO-data=268 RW-data=40 ZI-data=608  
FromELF: creating hex file...
"..\Out\8_SegLED.axf" - 0 Error(s), 0 Warning(s).
Build target '8SegLED'
compiling main.c...
linking...
Program Size: Code=1824 RO-data=268 RW-data=40 ZI-data=608  
FromELF: creating hex file...
"..\Out\8_SegLED.axf" - 0 Error(s), 0 Warning(s).
